// Jest Snapshot v1, https://goo.gl/fbAQLP

exports[`renders home view component 1`] = `
<div>
  <main>
    <section>
      <div>
        <form>
          <fieldset>
            <label
              for="new-item"
            >
              New Item: 
            </label>
            <input
              id="new-item"
              required=""
              type="text"
              value=""
            />
            <button
              aria-label="add-new-item"
            >
              Add
            </button>
          </fieldset>
        </form>
      </div>
      <ul>
        <li>
          <article>
            <h1>
              Milk
            </h1>
            <button>
              Delete
            </button>
            <button>
              Edit
            </button>
          </article>
        </li>
        <li>
          <article>
            <h1>
              Burrito
            </h1>
            <button>
              Delete
            </button>
            <button>
              Edit
            </button>
          </article>
        </li>
        <li>
          <article>
            <h1>
              Pesto Sauce
            </h1>
            <button>
              Delete
            </button>
            <button>
              Edit
            </button>
          </article>
        </li>
      </ul>
    </section>
  </main>
</div>
`;
